// Vitest Snapshot v1, https://vitest.dev/guide/snapshot.html

exports[`feature flag snapshot matrix > all flags OFF 1`] = `
<DocumentFragment>
  <div
    class="bg-background flex min-h-screen md:flex"
  >
    <aside
      class="bg-card hidden w-60 shrink-0 flex-col border-r border-border p-3 md:flex"
    >
      <div
        class="mb-2 flex items-center gap-2 px-3 py-2"
      >
        <svg
          aria-hidden="true"
          class="lucide lucide-gamepad-directional h-8 w-8"
          fill="none"
          height="32"
          role="img"
          stroke="currentColor"
          stroke-linecap="round"
          stroke-linejoin="round"
          stroke-width="2"
          viewBox="0 0 24 24"
          width="32"
          xmlns="http://www.w3.org/2000/svg"
        >
          <path
            d="M11.146 15.854a1.207 1.207 0 0 1 1.708 0l1.56 1.56A2 2 0 0 1 15 18.828V21a1 1 0 0 1-1 1h-4a1 1 0 0 1-1-1v-2.172a2 2 0 0 1 .586-1.414z"
          />
          <path
            d="M18.828 15a2 2 0 0 1-1.414-.586l-1.56-1.56a1.207 1.207 0 0 1 0-1.708l1.56-1.56A2 2 0 0 1 18.828 9H21a1 1 0 0 1 1 1v4a1 1 0 0 1-1 1z"
          />
          <path
            d="M6.586 14.414A2 2 0 0 1 5.172 15H3a1 1 0 0 1-1-1v-4a1 1 0 0 1 1-1h2.172a2 2 0 0 1 1.414.586l1.56 1.56a1.207 1.207 0 0 1 0 1.708z"
          />
          <path
            d="M9 3a1 1 0 0 1 1-1h4a1 1 0 0 1 1 1v2.172a2 2 0 0 1-.586 1.414l-1.56 1.56a1.207 1.207 0 0 1-1.708 0l-1.56-1.56A2 2 0 0 1 9 5.172z"
          />
        </svg>
        <h1
          class="text-lg font-bold text-foreground"
        >
          Arcade
        </h1>
      </div>
      <nav
        aria-label="Primary"
        class="flex flex-col gap-1"
      >
        <a
          aria-current="page"
          class="flex items-center gap-3 rounded-lg px-3 py-3 text-sm font-medium transition-colors bg-primary text-primary-foreground shadow-sm"
          data-discover="true"
          href="/"
        >
          <svg
            aria-hidden="true"
            class="lucide lucide-layout-dashboard h-4 w-4"
            fill="none"
            height="16"
            role="img"
            stroke="currentColor"
            stroke-linecap="round"
            stroke-linejoin="round"
            stroke-width="2"
            viewBox="0 0 24 24"
            width="16"
            xmlns="http://www.w3.org/2000/svg"
          >
            <rect
              height="9"
              rx="1"
              width="7"
              x="3"
              y="3"
            />
            <rect
              height="5"
              rx="1"
              width="7"
              x="14"
              y="3"
            />
            <rect
              height="9"
              rx="1"
              width="7"
              x="14"
              y="12"
            />
            <rect
              height="5"
              rx="1"
              width="7"
              x="3"
              y="16"
            />
          </svg>
          Dashboard
        </a>
        <a
          class="flex items-center gap-3 rounded-lg px-3 py-3 text-sm font-medium transition-colors text-muted-foreground hover:bg-secondary hover:text-foreground"
          data-discover="true"
          href="/analytics"
        >
          <svg
            aria-hidden="true"
            class="lucide lucide-chart-column h-4 w-4"
            fill="none"
            height="16"
            role="img"
            stroke="currentColor"
            stroke-linecap="round"
            stroke-linejoin="round"
            stroke-width="2"
            viewBox="0 0 24 24"
            width="16"
            xmlns="http://www.w3.org/2000/svg"
          >
            <path
              d="M3 3v16a2 2 0 0 0 2 2h16"
            />
            <path
              d="M18 17V9"
            />
            <path
              d="M13 17V5"
            />
            <path
              d="M8 17v-3"
            />
          </svg>
          Analytics
        </a>
        <a
          class="flex items-center gap-3 rounded-lg px-3 py-3 text-sm font-medium transition-colors text-muted-foreground hover:bg-secondary hover:text-foreground"
          data-discover="true"
          href="/settings"
        >
          <svg
            aria-hidden="true"
            class="lucide lucide-settings h-4 w-4"
            fill="none"
            height="16"
            role="img"
            stroke="currentColor"
            stroke-linecap="round"
            stroke-linejoin="round"
            stroke-width="2"
            viewBox="0 0 24 24"
            width="16"
            xmlns="http://www.w3.org/2000/svg"
          >
            <path
              d="M9.671 4.136a2.34 2.34 0 0 1 4.659 0 2.34 2.34 0 0 0 3.319 1.915 2.34 2.34 0 0 1 2.33 4.033 2.34 2.34 0 0 0 0 3.831 2.34 2.34 0 0 1-2.33 4.033 2.34 2.34 0 0 0-3.319 1.915 2.34 2.34 0 0 1-4.659 0 2.34 2.34 0 0 0-3.32-1.915 2.34 2.34 0 0 1-2.33-4.033 2.34 2.34 0 0 0 0-3.831A2.34 2.34 0 0 1 6.35 6.051a2.34 2.34 0 0 0 3.319-1.915"
            />
            <circle
              cx="12"
              cy="12"
              r="3"
            />
          </svg>
          Settings
        </a>
      </nav>
    </aside>
    <div
      class="sticky top-0 z-30 flex items-center justify-between border-b border-border bg-card px-4 py-3 md:hidden"
    >
      <div
        class="flex items-center gap-2"
      >
        <svg
          aria-hidden="true"
          class="lucide lucide-gamepad-directional h-7 w-7"
          fill="none"
          height="28"
          role="img"
          stroke="currentColor"
          stroke-linecap="round"
          stroke-linejoin="round"
          stroke-width="2"
          viewBox="0 0 24 24"
          width="28"
          xmlns="http://www.w3.org/2000/svg"
        >
          <path
            d="M11.146 15.854a1.207 1.207 0 0 1 1.708 0l1.56 1.56A2 2 0 0 1 15 18.828V21a1 1 0 0 1-1 1h-4a1 1 0 0 1-1-1v-2.172a2 2 0 0 1 .586-1.414z"
          />
          <path
            d="M18.828 15a2 2 0 0 1-1.414-.586l-1.56-1.56a1.207 1.207 0 0 1 0-1.708l1.56-1.56A2 2 0 0 1 18.828 9H21a1 1 0 0 1 1 1v4a1 1 0 0 1-1 1z"
          />
          <path
            d="M6.586 14.414A2 2 0 0 1 5.172 15H3a1 1 0 0 1-1-1v-4a1 1 0 0 1 1-1h2.172a2 2 0 0 1 1.414.586l1.56 1.56a1.207 1.207 0 0 1 0 1.708z"
          />
          <path
            d="M9 3a1 1 0 0 1 1-1h4a1 1 0 0 1 1 1v2.172a2 2 0 0 1-.586 1.414l-1.56 1.56a1.207 1.207 0 0 1-1.708 0l-1.56-1.56A2 2 0 0 1 9 5.172z"
          />
        </svg>
        <h1
          class="text-lg font-bold text-foreground"
        >
          Arcade
        </h1>
      </div>
      <button
        aria-expanded="false"
        aria-label="Open menu"
        class="flex h-11 w-11 items-center justify-center rounded-lg text-muted-foreground transition-colors hover:bg-secondary hover:text-foreground"
        type="button"
      >
        <svg
          aria-hidden="true"
          class="lucide lucide-menu h-5 w-5"
          fill="none"
          height="20"
          role="img"
          stroke="currentColor"
          stroke-linecap="round"
          stroke-linejoin="round"
          stroke-width="2"
          viewBox="0 0 24 24"
          width="20"
          xmlns="http://www.w3.org/2000/svg"
        >
          <path
            d="M4 5h16"
          />
          <path
            d="M4 12h16"
          />
          <path
            d="M4 19h16"
          />
        </svg>
      </button>
    </div>
    <div
      class="min-w-0 flex-1"
    >
      <div>
        child
      </div>
    </div>
  </div>
</DocumentFragment>
`;

exports[`feature flag snapshot matrix > all flags ON 1`] = `
<DocumentFragment>
  <div
    class="bg-background flex min-h-screen md:flex"
  >
    <aside
      class="bg-card hidden w-60 shrink-0 flex-col border-r border-border p-3 md:flex"
    >
      <div
        class="mb-2 flex items-center gap-2 px-3 py-2"
      >
        <svg
          aria-hidden="true"
          class="lucide lucide-gamepad-directional h-8 w-8"
          fill="none"
          height="32"
          role="img"
          stroke="currentColor"
          stroke-linecap="round"
          stroke-linejoin="round"
          stroke-width="2"
          viewBox="0 0 24 24"
          width="32"
          xmlns="http://www.w3.org/2000/svg"
        >
          <path
            d="M11.146 15.854a1.207 1.207 0 0 1 1.708 0l1.56 1.56A2 2 0 0 1 15 18.828V21a1 1 0 0 1-1 1h-4a1 1 0 0 1-1-1v-2.172a2 2 0 0 1 .586-1.414z"
          />
          <path
            d="M18.828 15a2 2 0 0 1-1.414-.586l-1.56-1.56a1.207 1.207 0 0 1 0-1.708l1.56-1.56A2 2 0 0 1 18.828 9H21a1 1 0 0 1 1 1v4a1 1 0 0 1-1 1z"
          />
          <path
            d="M6.586 14.414A2 2 0 0 1 5.172 15H3a1 1 0 0 1-1-1v-4a1 1 0 0 1 1-1h2.172a2 2 0 0 1 1.414.586l1.56 1.56a1.207 1.207 0 0 1 0 1.708z"
          />
          <path
            d="M9 3a1 1 0 0 1 1-1h4a1 1 0 0 1 1 1v2.172a2 2 0 0 1-.586 1.414l-1.56 1.56a1.207 1.207 0 0 1-1.708 0l-1.56-1.56A2 2 0 0 1 9 5.172z"
          />
        </svg>
        <h1
          class="text-lg font-bold text-foreground"
        >
          Arcade
        </h1>
      </div>
      <nav
        aria-label="Primary"
        class="flex flex-col gap-1"
      >
        <a
          aria-current="page"
          class="flex items-center gap-3 rounded-lg px-3 py-3 text-sm font-medium transition-colors bg-primary text-primary-foreground shadow-sm"
          data-discover="true"
          href="/"
        >
          <svg
            aria-hidden="true"
            class="lucide lucide-layout-dashboard h-4 w-4"
            fill="none"
            height="16"
            role="img"
            stroke="currentColor"
            stroke-linecap="round"
            stroke-linejoin="round"
            stroke-width="2"
            viewBox="0 0 24 24"
            width="16"
            xmlns="http://www.w3.org/2000/svg"
          >
            <rect
              height="9"
              rx="1"
              width="7"
              x="3"
              y="3"
            />
            <rect
              height="5"
              rx="1"
              width="7"
              x="14"
              y="3"
            />
            <rect
              height="9"
              rx="1"
              width="7"
              x="14"
              y="12"
            />
            <rect
              height="5"
              rx="1"
              width="7"
              x="3"
              y="16"
            />
          </svg>
          Dashboard
        </a>
        <a
          class="flex items-center gap-3 rounded-lg px-3 py-3 text-sm font-medium transition-colors text-muted-foreground hover:bg-secondary hover:text-foreground"
          data-discover="true"
          href="/members"
        >
          <svg
            aria-hidden="true"
            class="lucide lucide-users h-4 w-4"
            fill="none"
            height="16"
            role="img"
            stroke="currentColor"
            stroke-linecap="round"
            stroke-linejoin="round"
            stroke-width="2"
            viewBox="0 0 24 24"
            width="16"
            xmlns="http://www.w3.org/2000/svg"
          >
            <path
              d="M16 21v-2a4 4 0 0 0-4-4H6a4 4 0 0 0-4 4v2"
            />
            <path
              d="M16 3.128a4 4 0 0 1 0 7.744"
            />
            <path
              d="M22 21v-2a4 4 0 0 0-3-3.87"
            />
            <circle
              cx="9"
              cy="7"
              r="4"
            />
          </svg>
          Members
        </a>
        <a
          class="flex items-center gap-3 rounded-lg px-3 py-3 text-sm font-medium transition-colors text-muted-foreground hover:bg-secondary hover:text-foreground"
          data-discover="true"
          href="/analytics"
        >
          <svg
            aria-hidden="true"
            class="lucide lucide-chart-column h-4 w-4"
            fill="none"
            height="16"
            role="img"
            stroke="currentColor"
            stroke-linecap="round"
            stroke-linejoin="round"
            stroke-width="2"
            viewBox="0 0 24 24"
            width="16"
            xmlns="http://www.w3.org/2000/svg"
          >
            <path
              d="M3 3v16a2 2 0 0 0 2 2h16"
            />
            <path
              d="M18 17V9"
            />
            <path
              d="M13 17V5"
            />
            <path
              d="M8 17v-3"
            />
          </svg>
          Analytics
        </a>
        <a
          class="flex items-center gap-3 rounded-lg px-3 py-3 text-sm font-medium transition-colors text-muted-foreground hover:bg-secondary hover:text-foreground"
          data-discover="true"
          href="/events"
        >
          <svg
            aria-hidden="true"
            class="lucide lucide-calendar-days h-4 w-4"
            fill="none"
            height="16"
            role="img"
            stroke="currentColor"
            stroke-linecap="round"
            stroke-linejoin="round"
            stroke-width="2"
            viewBox="0 0 24 24"
            width="16"
            xmlns="http://www.w3.org/2000/svg"
          >
            <path
              d="M8 2v4"
            />
            <path
              d="M16 2v4"
            />
            <rect
              height="18"
              rx="2"
              width="18"
              x="3"
              y="4"
            />
            <path
              d="M3 10h18"
            />
            <path
              d="M8 14h.01"
            />
            <path
              d="M12 14h.01"
            />
            <path
              d="M16 14h.01"
            />
            <path
              d="M8 18h.01"
            />
            <path
              d="M12 18h.01"
            />
            <path
              d="M16 18h.01"
            />
          </svg>
          Events
        </a>
        <a
          class="flex items-center gap-3 rounded-lg px-3 py-3 text-sm font-medium transition-colors text-muted-foreground hover:bg-secondary hover:text-foreground"
          data-discover="true"
          href="/settings"
        >
          <svg
            aria-hidden="true"
            class="lucide lucide-settings h-4 w-4"
            fill="none"
            height="16"
            role="img"
            stroke="currentColor"
            stroke-linecap="round"
            stroke-linejoin="round"
            stroke-width="2"
            viewBox="0 0 24 24"
            width="16"
            xmlns="http://www.w3.org/2000/svg"
          >
            <path
              d="M9.671 4.136a2.34 2.34 0 0 1 4.659 0 2.34 2.34 0 0 0 3.319 1.915 2.34 2.34 0 0 1 2.33 4.033 2.34 2.34 0 0 0 0 3.831 2.34 2.34 0 0 1-2.33 4.033 2.34 2.34 0 0 0-3.319 1.915 2.34 2.34 0 0 1-4.659 0 2.34 2.34 0 0 0-3.32-1.915 2.34 2.34 0 0 1-2.33-4.033 2.34 2.34 0 0 0 0-3.831A2.34 2.34 0 0 1 6.35 6.051a2.34 2.34 0 0 0 3.319-1.915"
            />
            <circle
              cx="12"
              cy="12"
              r="3"
            />
          </svg>
          Settings
        </a>
      </nav>
    </aside>
    <div
      class="sticky top-0 z-30 flex items-center justify-between border-b border-border bg-card px-4 py-3 md:hidden"
    >
      <div
        class="flex items-center gap-2"
      >
        <svg
          aria-hidden="true"
          class="lucide lucide-gamepad-directional h-7 w-7"
          fill="none"
          height="28"
          role="img"
          stroke="currentColor"
          stroke-linecap="round"
          stroke-linejoin="round"
          stroke-width="2"
          viewBox="0 0 24 24"
          width="28"
          xmlns="http://www.w3.org/2000/svg"
        >
          <path
            d="M11.146 15.854a1.207 1.207 0 0 1 1.708 0l1.56 1.56A2 2 0 0 1 15 18.828V21a1 1 0 0 1-1 1h-4a1 1 0 0 1-1-1v-2.172a2 2 0 0 1 .586-1.414z"
          />
          <path
            d="M18.828 15a2 2 0 0 1-1.414-.586l-1.56-1.56a1.207 1.207 0 0 1 0-1.708l1.56-1.56A2 2 0 0 1 18.828 9H21a1 1 0 0 1 1 1v4a1 1 0 0 1-1 1z"
          />
          <path
            d="M6.586 14.414A2 2 0 0 1 5.172 15H3a1 1 0 0 1-1-1v-4a1 1 0 0 1 1-1h2.172a2 2 0 0 1 1.414.586l1.56 1.56a1.207 1.207 0 0 1 0 1.708z"
          />
          <path
            d="M9 3a1 1 0 0 1 1-1h4a1 1 0 0 1 1 1v2.172a2 2 0 0 1-.586 1.414l-1.56 1.56a1.207 1.207 0 0 1-1.708 0l-1.56-1.56A2 2 0 0 1 9 5.172z"
          />
        </svg>
        <h1
          class="text-lg font-bold text-foreground"
        >
          Arcade
        </h1>
      </div>
      <button
        aria-expanded="false"
        aria-label="Open menu"
        class="flex h-11 w-11 items-center justify-center rounded-lg text-muted-foreground transition-colors hover:bg-secondary hover:text-foreground"
        type="button"
      >
        <svg
          aria-hidden="true"
          class="lucide lucide-menu h-5 w-5"
          fill="none"
          height="20"
          role="img"
          stroke="currentColor"
          stroke-linecap="round"
          stroke-linejoin="round"
          stroke-width="2"
          viewBox="0 0 24 24"
          width="20"
          xmlns="http://www.w3.org/2000/svg"
        >
          <path
            d="M4 5h16"
          />
          <path
            d="M4 12h16"
          />
          <path
            d="M4 19h16"
          />
        </svg>
      </button>
    </div>
    <div
      class="min-w-0 flex-1"
    >
      <div>
        child
      </div>
    </div>
  </div>
</DocumentFragment>
`;

exports[`feature flag snapshot matrix > only enable_expense_tracking enabled 1`] = `
<DocumentFragment>
  <div
    class="bg-background flex min-h-screen md:flex"
  >
    <aside
      class="bg-card hidden w-60 shrink-0 flex-col border-r border-border p-3 md:flex"
    >
      <div
        class="mb-2 flex items-center gap-2 px-3 py-2"
      >
        <svg
          aria-hidden="true"
          class="lucide lucide-gamepad-directional h-8 w-8"
          fill="none"
          height="32"
          role="img"
          stroke="currentColor"
          stroke-linecap="round"
          stroke-linejoin="round"
          stroke-width="2"
          viewBox="0 0 24 24"
          width="32"
          xmlns="http://www.w3.org/2000/svg"
        >
          <path
            d="M11.146 15.854a1.207 1.207 0 0 1 1.708 0l1.56 1.56A2 2 0 0 1 15 18.828V21a1 1 0 0 1-1 1h-4a1 1 0 0 1-1-1v-2.172a2 2 0 0 1 .586-1.414z"
          />
          <path
            d="M18.828 15a2 2 0 0 1-1.414-.586l-1.56-1.56a1.207 1.207 0 0 1 0-1.708l1.56-1.56A2 2 0 0 1 18.828 9H21a1 1 0 0 1 1 1v4a1 1 0 0 1-1 1z"
          />
          <path
            d="M6.586 14.414A2 2 0 0 1 5.172 15H3a1 1 0 0 1-1-1v-4a1 1 0 0 1 1-1h2.172a2 2 0 0 1 1.414.586l1.56 1.56a1.207 1.207 0 0 1 0 1.708z"
          />
          <path
            d="M9 3a1 1 0 0 1 1-1h4a1 1 0 0 1 1 1v2.172a2 2 0 0 1-.586 1.414l-1.56 1.56a1.207 1.207 0 0 1-1.708 0l-1.56-1.56A2 2 0 0 1 9 5.172z"
          />
        </svg>
        <h1
          class="text-lg font-bold text-foreground"
        >
          Arcade
        </h1>
      </div>
      <nav
        aria-label="Primary"
        class="flex flex-col gap-1"
      >
        <a
          aria-current="page"
          class="flex items-center gap-3 rounded-lg px-3 py-3 text-sm font-medium transition-colors bg-primary text-primary-foreground shadow-sm"
          data-discover="true"
          href="/"
        >
          <svg
            aria-hidden="true"
            class="lucide lucide-layout-dashboard h-4 w-4"
            fill="none"
            height="16"
            role="img"
            stroke="currentColor"
            stroke-linecap="round"
            stroke-linejoin="round"
            stroke-width="2"
            viewBox="0 0 24 24"
            width="16"
            xmlns="http://www.w3.org/2000/svg"
          >
            <rect
              height="9"
              rx="1"
              width="7"
              x="3"
              y="3"
            />
            <rect
              height="5"
              rx="1"
              width="7"
              x="14"
              y="3"
            />
            <rect
              height="9"
              rx="1"
              width="7"
              x="14"
              y="12"
            />
            <rect
              height="5"
              rx="1"
              width="7"
              x="3"
              y="16"
            />
          </svg>
          Dashboard
        </a>
        <a
          class="flex items-center gap-3 rounded-lg px-3 py-3 text-sm font-medium transition-colors text-muted-foreground hover:bg-secondary hover:text-foreground"
          data-discover="true"
          href="/analytics"
        >
          <svg
            aria-hidden="true"
            class="lucide lucide-chart-column h-4 w-4"
            fill="none"
            height="16"
            role="img"
            stroke="currentColor"
            stroke-linecap="round"
            stroke-linejoin="round"
            stroke-width="2"
            viewBox="0 0 24 24"
            width="16"
            xmlns="http://www.w3.org/2000/svg"
          >
            <path
              d="M3 3v16a2 2 0 0 0 2 2h16"
            />
            <path
              d="M18 17V9"
            />
            <path
              d="M13 17V5"
            />
            <path
              d="M8 17v-3"
            />
          </svg>
          Analytics
        </a>
        <a
          class="flex items-center gap-3 rounded-lg px-3 py-3 text-sm font-medium transition-colors text-muted-foreground hover:bg-secondary hover:text-foreground"
          data-discover="true"
          href="/settings"
        >
          <svg
            aria-hidden="true"
            class="lucide lucide-settings h-4 w-4"
            fill="none"
            height="16"
            role="img"
            stroke="currentColor"
            stroke-linecap="round"
            stroke-linejoin="round"
            stroke-width="2"
            viewBox="0 0 24 24"
            width="16"
            xmlns="http://www.w3.org/2000/svg"
          >
            <path
              d="M9.671 4.136a2.34 2.34 0 0 1 4.659 0 2.34 2.34 0 0 0 3.319 1.915 2.34 2.34 0 0 1 2.33 4.033 2.34 2.34 0 0 0 0 3.831 2.34 2.34 0 0 1-2.33 4.033 2.34 2.34 0 0 0-3.319 1.915 2.34 2.34 0 0 1-4.659 0 2.34 2.34 0 0 0-3.32-1.915 2.34 2.34 0 0 1-2.33-4.033 2.34 2.34 0 0 0 0-3.831A2.34 2.34 0 0 1 6.35 6.051a2.34 2.34 0 0 0 3.319-1.915"
            />
            <circle
              cx="12"
              cy="12"
              r="3"
            />
          </svg>
          Settings
        </a>
      </nav>
    </aside>
    <div
      class="sticky top-0 z-30 flex items-center justify-between border-b border-border bg-card px-4 py-3 md:hidden"
    >
      <div
        class="flex items-center gap-2"
      >
        <svg
          aria-hidden="true"
          class="lucide lucide-gamepad-directional h-7 w-7"
          fill="none"
          height="28"
          role="img"
          stroke="currentColor"
          stroke-linecap="round"
          stroke-linejoin="round"
          stroke-width="2"
          viewBox="0 0 24 24"
          width="28"
          xmlns="http://www.w3.org/2000/svg"
        >
          <path
            d="M11.146 15.854a1.207 1.207 0 0 1 1.708 0l1.56 1.56A2 2 0 0 1 15 18.828V21a1 1 0 0 1-1 1h-4a1 1 0 0 1-1-1v-2.172a2 2 0 0 1 .586-1.414z"
          />
          <path
            d="M18.828 15a2 2 0 0 1-1.414-.586l-1.56-1.56a1.207 1.207 0 0 1 0-1.708l1.56-1.56A2 2 0 0 1 18.828 9H21a1 1 0 0 1 1 1v4a1 1 0 0 1-1 1z"
          />
          <path
            d="M6.586 14.414A2 2 0 0 1 5.172 15H3a1 1 0 0 1-1-1v-4a1 1 0 0 1 1-1h2.172a2 2 0 0 1 1.414.586l1.56 1.56a1.207 1.207 0 0 1 0 1.708z"
          />
          <path
            d="M9 3a1 1 0 0 1 1-1h4a1 1 0 0 1 1 1v2.172a2 2 0 0 1-.586 1.414l-1.56 1.56a1.207 1.207 0 0 1-1.708 0l-1.56-1.56A2 2 0 0 1 9 5.172z"
          />
        </svg>
        <h1
          class="text-lg font-bold text-foreground"
        >
          Arcade
        </h1>
      </div>
      <button
        aria-expanded="false"
        aria-label="Open menu"
        class="flex h-11 w-11 items-center justify-center rounded-lg text-muted-foreground transition-colors hover:bg-secondary hover:text-foreground"
        type="button"
      >
        <svg
          aria-hidden="true"
          class="lucide lucide-menu h-5 w-5"
          fill="none"
          height="20"
          role="img"
          stroke="currentColor"
          stroke-linecap="round"
          stroke-linejoin="round"
          stroke-width="2"
          viewBox="0 0 24 24"
          width="20"
          xmlns="http://www.w3.org/2000/svg"
        >
          <path
            d="M4 5h16"
          />
          <path
            d="M4 12h16"
          />
          <path
            d="M4 19h16"
          />
        </svg>
      </button>
    </div>
    <div
      class="min-w-0 flex-1"
    >
      <div>
        child
      </div>
    </div>
  </div>
</DocumentFragment>
`;

exports[`feature flag snapshot matrix > only enable_health_monitoring enabled 1`] = `
<DocumentFragment>
  <div
    class="bg-background flex min-h-screen md:flex"
  >
    <aside
      class="bg-card hidden w-60 shrink-0 flex-col border-r border-border p-3 md:flex"
    >
      <div
        class="mb-2 flex items-center gap-2 px-3 py-2"
      >
        <svg
          aria-hidden="true"
          class="lucide lucide-gamepad-directional h-8 w-8"
          fill="none"
          height="32"
          role="img"
          stroke="currentColor"
          stroke-linecap="round"
          stroke-linejoin="round"
          stroke-width="2"
          viewBox="0 0 24 24"
          width="32"
          xmlns="http://www.w3.org/2000/svg"
        >
          <path
            d="M11.146 15.854a1.207 1.207 0 0 1 1.708 0l1.56 1.56A2 2 0 0 1 15 18.828V21a1 1 0 0 1-1 1h-4a1 1 0 0 1-1-1v-2.172a2 2 0 0 1 .586-1.414z"
          />
          <path
            d="M18.828 15a2 2 0 0 1-1.414-.586l-1.56-1.56a1.207 1.207 0 0 1 0-1.708l1.56-1.56A2 2 0 0 1 18.828 9H21a1 1 0 0 1 1 1v4a1 1 0 0 1-1 1z"
          />
          <path
            d="M6.586 14.414A2 2 0 0 1 5.172 15H3a1 1 0 0 1-1-1v-4a1 1 0 0 1 1-1h2.172a2 2 0 0 1 1.414.586l1.56 1.56a1.207 1.207 0 0 1 0 1.708z"
          />
          <path
            d="M9 3a1 1 0 0 1 1-1h4a1 1 0 0 1 1 1v2.172a2 2 0 0 1-.586 1.414l-1.56 1.56a1.207 1.207 0 0 1-1.708 0l-1.56-1.56A2 2 0 0 1 9 5.172z"
          />
        </svg>
        <h1
          class="text-lg font-bold text-foreground"
        >
          Arcade
        </h1>
      </div>
      <nav
        aria-label="Primary"
        class="flex flex-col gap-1"
      >
        <a
          aria-current="page"
          class="flex items-center gap-3 rounded-lg px-3 py-3 text-sm font-medium transition-colors bg-primary text-primary-foreground shadow-sm"
          data-discover="true"
          href="/"
        >
          <svg
            aria-hidden="true"
            class="lucide lucide-layout-dashboard h-4 w-4"
            fill="none"
            height="16"
            role="img"
            stroke="currentColor"
            stroke-linecap="round"
            stroke-linejoin="round"
            stroke-width="2"
            viewBox="0 0 24 24"
            width="16"
            xmlns="http://www.w3.org/2000/svg"
          >
            <rect
              height="9"
              rx="1"
              width="7"
              x="3"
              y="3"
            />
            <rect
              height="5"
              rx="1"
              width="7"
              x="14"
              y="3"
            />
            <rect
              height="9"
              rx="1"
              width="7"
              x="14"
              y="12"
            />
            <rect
              height="5"
              rx="1"
              width="7"
              x="3"
              y="16"
            />
          </svg>
          Dashboard
        </a>
        <a
          class="flex items-center gap-3 rounded-lg px-3 py-3 text-sm font-medium transition-colors text-muted-foreground hover:bg-secondary hover:text-foreground"
          data-discover="true"
          href="/analytics"
        >
          <svg
            aria-hidden="true"
            class="lucide lucide-chart-column h-4 w-4"
            fill="none"
            height="16"
            role="img"
            stroke="currentColor"
            stroke-linecap="round"
            stroke-linejoin="round"
            stroke-width="2"
            viewBox="0 0 24 24"
            width="16"
            xmlns="http://www.w3.org/2000/svg"
          >
            <path
              d="M3 3v16a2 2 0 0 0 2 2h16"
            />
            <path
              d="M18 17V9"
            />
            <path
              d="M13 17V5"
            />
            <path
              d="M8 17v-3"
            />
          </svg>
          Analytics
        </a>
        <a
          class="flex items-center gap-3 rounded-lg px-3 py-3 text-sm font-medium transition-colors text-muted-foreground hover:bg-secondary hover:text-foreground"
          data-discover="true"
          href="/settings"
        >
          <svg
            aria-hidden="true"
            class="lucide lucide-settings h-4 w-4"
            fill="none"
            height="16"
            role="img"
            stroke="currentColor"
            stroke-linecap="round"
            stroke-linejoin="round"
            stroke-width="2"
            viewBox="0 0 24 24"
            width="16"
            xmlns="http://www.w3.org/2000/svg"
          >
            <path
              d="M9.671 4.136a2.34 2.34 0 0 1 4.659 0 2.34 2.34 0 0 0 3.319 1.915 2.34 2.34 0 0 1 2.33 4.033 2.34 2.34 0 0 0 0 3.831 2.34 2.34 0 0 1-2.33 4.033 2.34 2.34 0 0 0-3.319 1.915 2.34 2.34 0 0 1-4.659 0 2.34 2.34 0 0 0-3.32-1.915 2.34 2.34 0 0 1-2.33-4.033 2.34 2.34 0 0 0 0-3.831A2.34 2.34 0 0 1 6.35 6.051a2.34 2.34 0 0 0 3.319-1.915"
            />
            <circle
              cx="12"
              cy="12"
              r="3"
            />
          </svg>
          Settings
        </a>
      </nav>
    </aside>
    <div
      class="sticky top-0 z-30 flex items-center justify-between border-b border-border bg-card px-4 py-3 md:hidden"
    >
      <div
        class="flex items-center gap-2"
      >
        <svg
          aria-hidden="true"
          class="lucide lucide-gamepad-directional h-7 w-7"
          fill="none"
          height="28"
          role="img"
          stroke="currentColor"
          stroke-linecap="round"
          stroke-linejoin="round"
          stroke-width="2"
          viewBox="0 0 24 24"
          width="28"
          xmlns="http://www.w3.org/2000/svg"
        >
          <path
            d="M11.146 15.854a1.207 1.207 0 0 1 1.708 0l1.56 1.56A2 2 0 0 1 15 18.828V21a1 1 0 0 1-1 1h-4a1 1 0 0 1-1-1v-2.172a2 2 0 0 1 .586-1.414z"
          />
          <path
            d="M18.828 15a2 2 0 0 1-1.414-.586l-1.56-1.56a1.207 1.207 0 0 1 0-1.708l1.56-1.56A2 2 0 0 1 18.828 9H21a1 1 0 0 1 1 1v4a1 1 0 0 1-1 1z"
          />
          <path
            d="M6.586 14.414A2 2 0 0 1 5.172 15H3a1 1 0 0 1-1-1v-4a1 1 0 0 1 1-1h2.172a2 2 0 0 1 1.414.586l1.56 1.56a1.207 1.207 0 0 1 0 1.708z"
          />
          <path
            d="M9 3a1 1 0 0 1 1-1h4a1 1 0 0 1 1 1v2.172a2 2 0 0 1-.586 1.414l-1.56 1.56a1.207 1.207 0 0 1-1.708 0l-1.56-1.56A2 2 0 0 1 9 5.172z"
          />
        </svg>
        <h1
          class="text-lg font-bold text-foreground"
        >
          Arcade
        </h1>
      </div>
      <button
        aria-expanded="false"
        aria-label="Open menu"
        class="flex h-11 w-11 items-center justify-center rounded-lg text-muted-foreground transition-colors hover:bg-secondary hover:text-foreground"
        type="button"
      >
        <svg
          aria-hidden="true"
          class="lucide lucide-menu h-5 w-5"
          fill="none"
          height="20"
          role="img"
          stroke="currentColor"
          stroke-linecap="round"
          stroke-linejoin="round"
          stroke-width="2"
          viewBox="0 0 24 24"
          width="20"
          xmlns="http://www.w3.org/2000/svg"
        >
          <path
            d="M4 5h16"
          />
          <path
            d="M4 12h16"
          />
          <path
            d="M4 19h16"
          />
        </svg>
      </button>
    </div>
    <div
      class="min-w-0 flex-1"
    >
      <div>
        child
      </div>
    </div>
  </div>
</DocumentFragment>
`;

exports[`feature flag snapshot matrix > only enable_inventory enabled 1`] = `
<DocumentFragment>
  <div
    class="bg-background flex min-h-screen md:flex"
  >
    <aside
      class="bg-card hidden w-60 shrink-0 flex-col border-r border-border p-3 md:flex"
    >
      <div
        class="mb-2 flex items-center gap-2 px-3 py-2"
      >
        <svg
          aria-hidden="true"
          class="lucide lucide-gamepad-directional h-8 w-8"
          fill="none"
          height="32"
          role="img"
          stroke="currentColor"
          stroke-linecap="round"
          stroke-linejoin="round"
          stroke-width="2"
          viewBox="0 0 24 24"
          width="32"
          xmlns="http://www.w3.org/2000/svg"
        >
          <path
            d="M11.146 15.854a1.207 1.207 0 0 1 1.708 0l1.56 1.56A2 2 0 0 1 15 18.828V21a1 1 0 0 1-1 1h-4a1 1 0 0 1-1-1v-2.172a2 2 0 0 1 .586-1.414z"
          />
          <path
            d="M18.828 15a2 2 0 0 1-1.414-.586l-1.56-1.56a1.207 1.207 0 0 1 0-1.708l1.56-1.56A2 2 0 0 1 18.828 9H21a1 1 0 0 1 1 1v4a1 1 0 0 1-1 1z"
          />
          <path
            d="M6.586 14.414A2 2 0 0 1 5.172 15H3a1 1 0 0 1-1-1v-4a1 1 0 0 1 1-1h2.172a2 2 0 0 1 1.414.586l1.56 1.56a1.207 1.207 0 0 1 0 1.708z"
          />
          <path
            d="M9 3a1 1 0 0 1 1-1h4a1 1 0 0 1 1 1v2.172a2 2 0 0 1-.586 1.414l-1.56 1.56a1.207 1.207 0 0 1-1.708 0l-1.56-1.56A2 2 0 0 1 9 5.172z"
          />
        </svg>
        <h1
          class="text-lg font-bold text-foreground"
        >
          Arcade
        </h1>
      </div>
      <nav
        aria-label="Primary"
        class="flex flex-col gap-1"
      >
        <a
          aria-current="page"
          class="flex items-center gap-3 rounded-lg px-3 py-3 text-sm font-medium transition-colors bg-primary text-primary-foreground shadow-sm"
          data-discover="true"
          href="/"
        >
          <svg
            aria-hidden="true"
            class="lucide lucide-layout-dashboard h-4 w-4"
            fill="none"
            height="16"
            role="img"
            stroke="currentColor"
            stroke-linecap="round"
            stroke-linejoin="round"
            stroke-width="2"
            viewBox="0 0 24 24"
            width="16"
            xmlns="http://www.w3.org/2000/svg"
          >
            <rect
              height="9"
              rx="1"
              width="7"
              x="3"
              y="3"
            />
            <rect
              height="5"
              rx="1"
              width="7"
              x="14"
              y="3"
            />
            <rect
              height="9"
              rx="1"
              width="7"
              x="14"
              y="12"
            />
            <rect
              height="5"
              rx="1"
              width="7"
              x="3"
              y="16"
            />
          </svg>
          Dashboard
        </a>
        <a
          class="flex items-center gap-3 rounded-lg px-3 py-3 text-sm font-medium transition-colors text-muted-foreground hover:bg-secondary hover:text-foreground"
          data-discover="true"
          href="/analytics"
        >
          <svg
            aria-hidden="true"
            class="lucide lucide-chart-column h-4 w-4"
            fill="none"
            height="16"
            role="img"
            stroke="currentColor"
            stroke-linecap="round"
            stroke-linejoin="round"
            stroke-width="2"
            viewBox="0 0 24 24"
            width="16"
            xmlns="http://www.w3.org/2000/svg"
          >
            <path
              d="M3 3v16a2 2 0 0 0 2 2h16"
            />
            <path
              d="M18 17V9"
            />
            <path
              d="M13 17V5"
            />
            <path
              d="M8 17v-3"
            />
          </svg>
          Analytics
        </a>
        <a
          class="flex items-center gap-3 rounded-lg px-3 py-3 text-sm font-medium transition-colors text-muted-foreground hover:bg-secondary hover:text-foreground"
          data-discover="true"
          href="/settings"
        >
          <svg
            aria-hidden="true"
            class="lucide lucide-settings h-4 w-4"
            fill="none"
            height="16"
            role="img"
            stroke="currentColor"
            stroke-linecap="round"
            stroke-linejoin="round"
            stroke-width="2"
            viewBox="0 0 24 24"
            width="16"
            xmlns="http://www.w3.org/2000/svg"
          >
            <path
              d="M9.671 4.136a2.34 2.34 0 0 1 4.659 0 2.34 2.34 0 0 0 3.319 1.915 2.34 2.34 0 0 1 2.33 4.033 2.34 2.34 0 0 0 0 3.831 2.34 2.34 0 0 1-2.33 4.033 2.34 2.34 0 0 0-3.319 1.915 2.34 2.34 0 0 1-4.659 0 2.34 2.34 0 0 0-3.32-1.915 2.34 2.34 0 0 1-2.33-4.033 2.34 2.34 0 0 0 0-3.831A2.34 2.34 0 0 1 6.35 6.051a2.34 2.34 0 0 0 3.319-1.915"
            />
            <circle
              cx="12"
              cy="12"
              r="3"
            />
          </svg>
          Settings
        </a>
      </nav>
    </aside>
    <div
      class="sticky top-0 z-30 flex items-center justify-between border-b border-border bg-card px-4 py-3 md:hidden"
    >
      <div
        class="flex items-center gap-2"
      >
        <svg
          aria-hidden="true"
          class="lucide lucide-gamepad-directional h-7 w-7"
          fill="none"
          height="28"
          role="img"
          stroke="currentColor"
          stroke-linecap="round"
          stroke-linejoin="round"
          stroke-width="2"
          viewBox="0 0 24 24"
          width="28"
          xmlns="http://www.w3.org/2000/svg"
        >
          <path
            d="M11.146 15.854a1.207 1.207 0 0 1 1.708 0l1.56 1.56A2 2 0 0 1 15 18.828V21a1 1 0 0 1-1 1h-4a1 1 0 0 1-1-1v-2.172a2 2 0 0 1 .586-1.414z"
          />
          <path
            d="M18.828 15a2 2 0 0 1-1.414-.586l-1.56-1.56a1.207 1.207 0 0 1 0-1.708l1.56-1.56A2 2 0 0 1 18.828 9H21a1 1 0 0 1 1 1v4a1 1 0 0 1-1 1z"
          />
          <path
            d="M6.586 14.414A2 2 0 0 1 5.172 15H3a1 1 0 0 1-1-1v-4a1 1 0 0 1 1-1h2.172a2 2 0 0 1 1.414.586l1.56 1.56a1.207 1.207 0 0 1 0 1.708z"
          />
          <path
            d="M9 3a1 1 0 0 1 1-1h4a1 1 0 0 1 1 1v2.172a2 2 0 0 1-.586 1.414l-1.56 1.56a1.207 1.207 0 0 1-1.708 0l-1.56-1.56A2 2 0 0 1 9 5.172z"
          />
        </svg>
        <h1
          class="text-lg font-bold text-foreground"
        >
          Arcade
        </h1>
      </div>
      <button
        aria-expanded="false"
        aria-label="Open menu"
        class="flex h-11 w-11 items-center justify-center rounded-lg text-muted-foreground transition-colors hover:bg-secondary hover:text-foreground"
        type="button"
      >
        <svg
          aria-hidden="true"
          class="lucide lucide-menu h-5 w-5"
          fill="none"
          height="20"
          role="img"
          stroke="currentColor"
          stroke-linecap="round"
          stroke-linejoin="round"
          stroke-width="2"
          viewBox="0 0 24 24"
          width="20"
          xmlns="http://www.w3.org/2000/svg"
        >
          <path
            d="M4 5h16"
          />
          <path
            d="M4 12h16"
          />
          <path
            d="M4 19h16"
          />
        </svg>
      </button>
    </div>
    <div
      class="min-w-0 flex-1"
    >
      <div>
        child
      </div>
    </div>
  </div>
</DocumentFragment>
`;

exports[`feature flag snapshot matrix > only enable_members enabled 1`] = `
<DocumentFragment>
  <div
    class="bg-background flex min-h-screen md:flex"
  >
    <aside
      class="bg-card hidden w-60 shrink-0 flex-col border-r border-border p-3 md:flex"
    >
      <div
        class="mb-2 flex items-center gap-2 px-3 py-2"
      >
        <svg
          aria-hidden="true"
          class="lucide lucide-gamepad-directional h-8 w-8"
          fill="none"
          height="32"
          role="img"
          stroke="currentColor"
          stroke-linecap="round"
          stroke-linejoin="round"
          stroke-width="2"
          viewBox="0 0 24 24"
          width="32"
          xmlns="http://www.w3.org/2000/svg"
        >
          <path
            d="M11.146 15.854a1.207 1.207 0 0 1 1.708 0l1.56 1.56A2 2 0 0 1 15 18.828V21a1 1 0 0 1-1 1h-4a1 1 0 0 1-1-1v-2.172a2 2 0 0 1 .586-1.414z"
          />
          <path
            d="M18.828 15a2 2 0 0 1-1.414-.586l-1.56-1.56a1.207 1.207 0 0 1 0-1.708l1.56-1.56A2 2 0 0 1 18.828 9H21a1 1 0 0 1 1 1v4a1 1 0 0 1-1 1z"
          />
          <path
            d="M6.586 14.414A2 2 0 0 1 5.172 15H3a1 1 0 0 1-1-1v-4a1 1 0 0 1 1-1h2.172a2 2 0 0 1 1.414.586l1.56 1.56a1.207 1.207 0 0 1 0 1.708z"
          />
          <path
            d="M9 3a1 1 0 0 1 1-1h4a1 1 0 0 1 1 1v2.172a2 2 0 0 1-.586 1.414l-1.56 1.56a1.207 1.207 0 0 1-1.708 0l-1.56-1.56A2 2 0 0 1 9 5.172z"
          />
        </svg>
        <h1
          class="text-lg font-bold text-foreground"
        >
          Arcade
        </h1>
      </div>
      <nav
        aria-label="Primary"
        class="flex flex-col gap-1"
      >
        <a
          aria-current="page"
          class="flex items-center gap-3 rounded-lg px-3 py-3 text-sm font-medium transition-colors bg-primary text-primary-foreground shadow-sm"
          data-discover="true"
          href="/"
        >
          <svg
            aria-hidden="true"
            class="lucide lucide-layout-dashboard h-4 w-4"
            fill="none"
            height="16"
            role="img"
            stroke="currentColor"
            stroke-linecap="round"
            stroke-linejoin="round"
            stroke-width="2"
            viewBox="0 0 24 24"
            width="16"
            xmlns="http://www.w3.org/2000/svg"
          >
            <rect
              height="9"
              rx="1"
              width="7"
              x="3"
              y="3"
            />
            <rect
              height="5"
              rx="1"
              width="7"
              x="14"
              y="3"
            />
            <rect
              height="9"
              rx="1"
              width="7"
              x="14"
              y="12"
            />
            <rect
              height="5"
              rx="1"
              width="7"
              x="3"
              y="16"
            />
          </svg>
          Dashboard
        </a>
        <a
          class="flex items-center gap-3 rounded-lg px-3 py-3 text-sm font-medium transition-colors text-muted-foreground hover:bg-secondary hover:text-foreground"
          data-discover="true"
          href="/members"
        >
          <svg
            aria-hidden="true"
            class="lucide lucide-users h-4 w-4"
            fill="none"
            height="16"
            role="img"
            stroke="currentColor"
            stroke-linecap="round"
            stroke-linejoin="round"
            stroke-width="2"
            viewBox="0 0 24 24"
            width="16"
            xmlns="http://www.w3.org/2000/svg"
          >
            <path
              d="M16 21v-2a4 4 0 0 0-4-4H6a4 4 0 0 0-4 4v2"
            />
            <path
              d="M16 3.128a4 4 0 0 1 0 7.744"
            />
            <path
              d="M22 21v-2a4 4 0 0 0-3-3.87"
            />
            <circle
              cx="9"
              cy="7"
              r="4"
            />
          </svg>
          Members
        </a>
        <a
          class="flex items-center gap-3 rounded-lg px-3 py-3 text-sm font-medium transition-colors text-muted-foreground hover:bg-secondary hover:text-foreground"
          data-discover="true"
          href="/analytics"
        >
          <svg
            aria-hidden="true"
            class="lucide lucide-chart-column h-4 w-4"
            fill="none"
            height="16"
            role="img"
            stroke="currentColor"
            stroke-linecap="round"
            stroke-linejoin="round"
            stroke-width="2"
            viewBox="0 0 24 24"
            width="16"
            xmlns="http://www.w3.org/2000/svg"
          >
            <path
              d="M3 3v16a2 2 0 0 0 2 2h16"
            />
            <path
              d="M18 17V9"
            />
            <path
              d="M13 17V5"
            />
            <path
              d="M8 17v-3"
            />
          </svg>
          Analytics
        </a>
        <a
          class="flex items-center gap-3 rounded-lg px-3 py-3 text-sm font-medium transition-colors text-muted-foreground hover:bg-secondary hover:text-foreground"
          data-discover="true"
          href="/settings"
        >
          <svg
            aria-hidden="true"
            class="lucide lucide-settings h-4 w-4"
            fill="none"
            height="16"
            role="img"
            stroke="currentColor"
            stroke-linecap="round"
            stroke-linejoin="round"
            stroke-width="2"
            viewBox="0 0 24 24"
            width="16"
            xmlns="http://www.w3.org/2000/svg"
          >
            <path
              d="M9.671 4.136a2.34 2.34 0 0 1 4.659 0 2.34 2.34 0 0 0 3.319 1.915 2.34 2.34 0 0 1 2.33 4.033 2.34 2.34 0 0 0 0 3.831 2.34 2.34 0 0 1-2.33 4.033 2.34 2.34 0 0 0-3.319 1.915 2.34 2.34 0 0 1-4.659 0 2.34 2.34 0 0 0-3.32-1.915 2.34 2.34 0 0 1-2.33-4.033 2.34 2.34 0 0 0 0-3.831A2.34 2.34 0 0 1 6.35 6.051a2.34 2.34 0 0 0 3.319-1.915"
            />
            <circle
              cx="12"
              cy="12"
              r="3"
            />
          </svg>
          Settings
        </a>
      </nav>
    </aside>
    <div
      class="sticky top-0 z-30 flex items-center justify-between border-b border-border bg-card px-4 py-3 md:hidden"
    >
      <div
        class="flex items-center gap-2"
      >
        <svg
          aria-hidden="true"
          class="lucide lucide-gamepad-directional h-7 w-7"
          fill="none"
          height="28"
          role="img"
          stroke="currentColor"
          stroke-linecap="round"
          stroke-linejoin="round"
          stroke-width="2"
          viewBox="0 0 24 24"
          width="28"
          xmlns="http://www.w3.org/2000/svg"
        >
          <path
            d="M11.146 15.854a1.207 1.207 0 0 1 1.708 0l1.56 1.56A2 2 0 0 1 15 18.828V21a1 1 0 0 1-1 1h-4a1 1 0 0 1-1-1v-2.172a2 2 0 0 1 .586-1.414z"
          />
          <path
            d="M18.828 15a2 2 0 0 1-1.414-.586l-1.56-1.56a1.207 1.207 0 0 1 0-1.708l1.56-1.56A2 2 0 0 1 18.828 9H21a1 1 0 0 1 1 1v4a1 1 0 0 1-1 1z"
          />
          <path
            d="M6.586 14.414A2 2 0 0 1 5.172 15H3a1 1 0 0 1-1-1v-4a1 1 0 0 1 1-1h2.172a2 2 0 0 1 1.414.586l1.56 1.56a1.207 1.207 0 0 1 0 1.708z"
          />
          <path
            d="M9 3a1 1 0 0 1 1-1h4a1 1 0 0 1 1 1v2.172a2 2 0 0 1-.586 1.414l-1.56 1.56a1.207 1.207 0 0 1-1.708 0l-1.56-1.56A2 2 0 0 1 9 5.172z"
          />
        </svg>
        <h1
          class="text-lg font-bold text-foreground"
        >
          Arcade
        </h1>
      </div>
      <button
        aria-expanded="false"
        aria-label="Open menu"
        class="flex h-11 w-11 items-center justify-center rounded-lg text-muted-foreground transition-colors hover:bg-secondary hover:text-foreground"
        type="button"
      >
        <svg
          aria-hidden="true"
          class="lucide lucide-menu h-5 w-5"
          fill="none"
          height="20"
          role="img"
          stroke="currentColor"
          stroke-linecap="round"
          stroke-linejoin="round"
          stroke-width="2"
          viewBox="0 0 24 24"
          width="20"
          xmlns="http://www.w3.org/2000/svg"
        >
          <path
            d="M4 5h16"
          />
          <path
            d="M4 12h16"
          />
          <path
            d="M4 19h16"
          />
        </svg>
      </button>
    </div>
    <div
      class="min-w-0 flex-1"
    >
      <div>
        child
      </div>
    </div>
  </div>
</DocumentFragment>
`;

exports[`feature flag snapshot matrix > only enable_packages enabled 1`] = `
<DocumentFragment>
  <div
    class="bg-background flex min-h-screen md:flex"
  >
    <aside
      class="bg-card hidden w-60 shrink-0 flex-col border-r border-border p-3 md:flex"
    >
      <div
        class="mb-2 flex items-center gap-2 px-3 py-2"
      >
        <svg
          aria-hidden="true"
          class="lucide lucide-gamepad-directional h-8 w-8"
          fill="none"
          height="32"
          role="img"
          stroke="currentColor"
          stroke-linecap="round"
          stroke-linejoin="round"
          stroke-width="2"
          viewBox="0 0 24 24"
          width="32"
          xmlns="http://www.w3.org/2000/svg"
        >
          <path
            d="M11.146 15.854a1.207 1.207 0 0 1 1.708 0l1.56 1.56A2 2 0 0 1 15 18.828V21a1 1 0 0 1-1 1h-4a1 1 0 0 1-1-1v-2.172a2 2 0 0 1 .586-1.414z"
          />
          <path
            d="M18.828 15a2 2 0 0 1-1.414-.586l-1.56-1.56a1.207 1.207 0 0 1 0-1.708l1.56-1.56A2 2 0 0 1 18.828 9H21a1 1 0 0 1 1 1v4a1 1 0 0 1-1 1z"
          />
          <path
            d="M6.586 14.414A2 2 0 0 1 5.172 15H3a1 1 0 0 1-1-1v-4a1 1 0 0 1 1-1h2.172a2 2 0 0 1 1.414.586l1.56 1.56a1.207 1.207 0 0 1 0 1.708z"
          />
          <path
            d="M9 3a1 1 0 0 1 1-1h4a1 1 0 0 1 1 1v2.172a2 2 0 0 1-.586 1.414l-1.56 1.56a1.207 1.207 0 0 1-1.708 0l-1.56-1.56A2 2 0 0 1 9 5.172z"
          />
        </svg>
        <h1
          class="text-lg font-bold text-foreground"
        >
          Arcade
        </h1>
      </div>
      <nav
        aria-label="Primary"
        class="flex flex-col gap-1"
      >
        <a
          aria-current="page"
          class="flex items-center gap-3 rounded-lg px-3 py-3 text-sm font-medium transition-colors bg-primary text-primary-foreground shadow-sm"
          data-discover="true"
          href="/"
        >
          <svg
            aria-hidden="true"
            class="lucide lucide-layout-dashboard h-4 w-4"
            fill="none"
            height="16"
            role="img"
            stroke="currentColor"
            stroke-linecap="round"
            stroke-linejoin="round"
            stroke-width="2"
            viewBox="0 0 24 24"
            width="16"
            xmlns="http://www.w3.org/2000/svg"
          >
            <rect
              height="9"
              rx="1"
              width="7"
              x="3"
              y="3"
            />
            <rect
              height="5"
              rx="1"
              width="7"
              x="14"
              y="3"
            />
            <rect
              height="9"
              rx="1"
              width="7"
              x="14"
              y="12"
            />
            <rect
              height="5"
              rx="1"
              width="7"
              x="3"
              y="16"
            />
          </svg>
          Dashboard
        </a>
        <a
          class="flex items-center gap-3 rounded-lg px-3 py-3 text-sm font-medium transition-colors text-muted-foreground hover:bg-secondary hover:text-foreground"
          data-discover="true"
          href="/analytics"
        >
          <svg
            aria-hidden="true"
            class="lucide lucide-chart-column h-4 w-4"
            fill="none"
            height="16"
            role="img"
            stroke="currentColor"
            stroke-linecap="round"
            stroke-linejoin="round"
            stroke-width="2"
            viewBox="0 0 24 24"
            width="16"
            xmlns="http://www.w3.org/2000/svg"
          >
            <path
              d="M3 3v16a2 2 0 0 0 2 2h16"
            />
            <path
              d="M18 17V9"
            />
            <path
              d="M13 17V5"
            />
            <path
              d="M8 17v-3"
            />
          </svg>
          Analytics
        </a>
        <a
          class="flex items-center gap-3 rounded-lg px-3 py-3 text-sm font-medium transition-colors text-muted-foreground hover:bg-secondary hover:text-foreground"
          data-discover="true"
          href="/settings"
        >
          <svg
            aria-hidden="true"
            class="lucide lucide-settings h-4 w-4"
            fill="none"
            height="16"
            role="img"
            stroke="currentColor"
            stroke-linecap="round"
            stroke-linejoin="round"
            stroke-width="2"
            viewBox="0 0 24 24"
            width="16"
            xmlns="http://www.w3.org/2000/svg"
          >
            <path
              d="M9.671 4.136a2.34 2.34 0 0 1 4.659 0 2.34 2.34 0 0 0 3.319 1.915 2.34 2.34 0 0 1 2.33 4.033 2.34 2.34 0 0 0 0 3.831 2.34 2.34 0 0 1-2.33 4.033 2.34 2.34 0 0 0-3.319 1.915 2.34 2.34 0 0 1-4.659 0 2.34 2.34 0 0 0-3.32-1.915 2.34 2.34 0 0 1-2.33-4.033 2.34 2.34 0 0 0 0-3.831A2.34 2.34 0 0 1 6.35 6.051a2.34 2.34 0 0 0 3.319-1.915"
            />
            <circle
              cx="12"
              cy="12"
              r="3"
            />
          </svg>
          Settings
        </a>
      </nav>
    </aside>
    <div
      class="sticky top-0 z-30 flex items-center justify-between border-b border-border bg-card px-4 py-3 md:hidden"
    >
      <div
        class="flex items-center gap-2"
      >
        <svg
          aria-hidden="true"
          class="lucide lucide-gamepad-directional h-7 w-7"
          fill="none"
          height="28"
          role="img"
          stroke="currentColor"
          stroke-linecap="round"
          stroke-linejoin="round"
          stroke-width="2"
          viewBox="0 0 24 24"
          width="28"
          xmlns="http://www.w3.org/2000/svg"
        >
          <path
            d="M11.146 15.854a1.207 1.207 0 0 1 1.708 0l1.56 1.56A2 2 0 0 1 15 18.828V21a1 1 0 0 1-1 1h-4a1 1 0 0 1-1-1v-2.172a2 2 0 0 1 .586-1.414z"
          />
          <path
            d="M18.828 15a2 2 0 0 1-1.414-.586l-1.56-1.56a1.207 1.207 0 0 1 0-1.708l1.56-1.56A2 2 0 0 1 18.828 9H21a1 1 0 0 1 1 1v4a1 1 0 0 1-1 1z"
          />
          <path
            d="M6.586 14.414A2 2 0 0 1 5.172 15H3a1 1 0 0 1-1-1v-4a1 1 0 0 1 1-1h2.172a2 2 0 0 1 1.414.586l1.56 1.56a1.207 1.207 0 0 1 0 1.708z"
          />
          <path
            d="M9 3a1 1 0 0 1 1-1h4a1 1 0 0 1 1 1v2.172a2 2 0 0 1-.586 1.414l-1.56 1.56a1.207 1.207 0 0 1-1.708 0l-1.56-1.56A2 2 0 0 1 9 5.172z"
          />
        </svg>
        <h1
          class="text-lg font-bold text-foreground"
        >
          Arcade
        </h1>
      </div>
      <button
        aria-expanded="false"
        aria-label="Open menu"
        class="flex h-11 w-11 items-center justify-center rounded-lg text-muted-foreground transition-colors hover:bg-secondary hover:text-foreground"
        type="button"
      >
        <svg
          aria-hidden="true"
          class="lucide lucide-menu h-5 w-5"
          fill="none"
          height="20"
          role="img"
          stroke="currentColor"
          stroke-linecap="round"
          stroke-linejoin="round"
          stroke-width="2"
          viewBox="0 0 24 24"
          width="20"
          xmlns="http://www.w3.org/2000/svg"
        >
          <path
            d="M4 5h16"
          />
          <path
            d="M4 12h16"
          />
          <path
            d="M4 19h16"
          />
        </svg>
      </button>
    </div>
    <div
      class="min-w-0 flex-1"
    >
      <div>
        child
      </div>
    </div>
  </div>
</DocumentFragment>
`;

exports[`feature flag snapshot matrix > only enable_pos enabled 1`] = `
<DocumentFragment>
  <div
    class="bg-background flex min-h-screen md:flex"
  >
    <aside
      class="bg-card hidden w-60 shrink-0 flex-col border-r border-border p-3 md:flex"
    >
      <div
        class="mb-2 flex items-center gap-2 px-3 py-2"
      >
        <svg
          aria-hidden="true"
          class="lucide lucide-gamepad-directional h-8 w-8"
          fill="none"
          height="32"
          role="img"
          stroke="currentColor"
          stroke-linecap="round"
          stroke-linejoin="round"
          stroke-width="2"
          viewBox="0 0 24 24"
          width="32"
          xmlns="http://www.w3.org/2000/svg"
        >
          <path
            d="M11.146 15.854a1.207 1.207 0 0 1 1.708 0l1.56 1.56A2 2 0 0 1 15 18.828V21a1 1 0 0 1-1 1h-4a1 1 0 0 1-1-1v-2.172a2 2 0 0 1 .586-1.414z"
          />
          <path
            d="M18.828 15a2 2 0 0 1-1.414-.586l-1.56-1.56a1.207 1.207 0 0 1 0-1.708l1.56-1.56A2 2 0 0 1 18.828 9H21a1 1 0 0 1 1 1v4a1 1 0 0 1-1 1z"
          />
          <path
            d="M6.586 14.414A2 2 0 0 1 5.172 15H3a1 1 0 0 1-1-1v-4a1 1 0 0 1 1-1h2.172a2 2 0 0 1 1.414.586l1.56 1.56a1.207 1.207 0 0 1 0 1.708z"
          />
          <path
            d="M9 3a1 1 0 0 1 1-1h4a1 1 0 0 1 1 1v2.172a2 2 0 0 1-.586 1.414l-1.56 1.56a1.207 1.207 0 0 1-1.708 0l-1.56-1.56A2 2 0 0 1 9 5.172z"
          />
        </svg>
        <h1
          class="text-lg font-bold text-foreground"
        >
          Arcade
        </h1>
      </div>
      <nav
        aria-label="Primary"
        class="flex flex-col gap-1"
      >
        <a
          aria-current="page"
          class="flex items-center gap-3 rounded-lg px-3 py-3 text-sm font-medium transition-colors bg-primary text-primary-foreground shadow-sm"
          data-discover="true"
          href="/"
        >
          <svg
            aria-hidden="true"
            class="lucide lucide-layout-dashboard h-4 w-4"
            fill="none"
            height="16"
            role="img"
            stroke="currentColor"
            stroke-linecap="round"
            stroke-linejoin="round"
            stroke-width="2"
            viewBox="0 0 24 24"
            width="16"
            xmlns="http://www.w3.org/2000/svg"
          >
            <rect
              height="9"
              rx="1"
              width="7"
              x="3"
              y="3"
            />
            <rect
              height="5"
              rx="1"
              width="7"
              x="14"
              y="3"
            />
            <rect
              height="9"
              rx="1"
              width="7"
              x="14"
              y="12"
            />
            <rect
              height="5"
              rx="1"
              width="7"
              x="3"
              y="16"
            />
          </svg>
          Dashboard
        </a>
        <a
          class="flex items-center gap-3 rounded-lg px-3 py-3 text-sm font-medium transition-colors text-muted-foreground hover:bg-secondary hover:text-foreground"
          data-discover="true"
          href="/analytics"
        >
          <svg
            aria-hidden="true"
            class="lucide lucide-chart-column h-4 w-4"
            fill="none"
            height="16"
            role="img"
            stroke="currentColor"
            stroke-linecap="round"
            stroke-linejoin="round"
            stroke-width="2"
            viewBox="0 0 24 24"
            width="16"
            xmlns="http://www.w3.org/2000/svg"
          >
            <path
              d="M3 3v16a2 2 0 0 0 2 2h16"
            />
            <path
              d="M18 17V9"
            />
            <path
              d="M13 17V5"
            />
            <path
              d="M8 17v-3"
            />
          </svg>
          Analytics
        </a>
        <a
          class="flex items-center gap-3 rounded-lg px-3 py-3 text-sm font-medium transition-colors text-muted-foreground hover:bg-secondary hover:text-foreground"
          data-discover="true"
          href="/settings"
        >
          <svg
            aria-hidden="true"
            class="lucide lucide-settings h-4 w-4"
            fill="none"
            height="16"
            role="img"
            stroke="currentColor"
            stroke-linecap="round"
            stroke-linejoin="round"
            stroke-width="2"
            viewBox="0 0 24 24"
            width="16"
            xmlns="http://www.w3.org/2000/svg"
          >
            <path
              d="M9.671 4.136a2.34 2.34 0 0 1 4.659 0 2.34 2.34 0 0 0 3.319 1.915 2.34 2.34 0 0 1 2.33 4.033 2.34 2.34 0 0 0 0 3.831 2.34 2.34 0 0 1-2.33 4.033 2.34 2.34 0 0 0-3.319 1.915 2.34 2.34 0 0 1-4.659 0 2.34 2.34 0 0 0-3.32-1.915 2.34 2.34 0 0 1-2.33-4.033 2.34 2.34 0 0 0 0-3.831A2.34 2.34 0 0 1 6.35 6.051a2.34 2.34 0 0 0 3.319-1.915"
            />
            <circle
              cx="12"
              cy="12"
              r="3"
            />
          </svg>
          Settings
        </a>
      </nav>
    </aside>
    <div
      class="sticky top-0 z-30 flex items-center justify-between border-b border-border bg-card px-4 py-3 md:hidden"
    >
      <div
        class="flex items-center gap-2"
      >
        <svg
          aria-hidden="true"
          class="lucide lucide-gamepad-directional h-7 w-7"
          fill="none"
          height="28"
          role="img"
          stroke="currentColor"
          stroke-linecap="round"
          stroke-linejoin="round"
          stroke-width="2"
          viewBox="0 0 24 24"
          width="28"
          xmlns="http://www.w3.org/2000/svg"
        >
          <path
            d="M11.146 15.854a1.207 1.207 0 0 1 1.708 0l1.56 1.56A2 2 0 0 1 15 18.828V21a1 1 0 0 1-1 1h-4a1 1 0 0 1-1-1v-2.172a2 2 0 0 1 .586-1.414z"
          />
          <path
            d="M18.828 15a2 2 0 0 1-1.414-.586l-1.56-1.56a1.207 1.207 0 0 1 0-1.708l1.56-1.56A2 2 0 0 1 18.828 9H21a1 1 0 0 1 1 1v4a1 1 0 0 1-1 1z"
          />
          <path
            d="M6.586 14.414A2 2 0 0 1 5.172 15H3a1 1 0 0 1-1-1v-4a1 1 0 0 1 1-1h2.172a2 2 0 0 1 1.414.586l1.56 1.56a1.207 1.207 0 0 1 0 1.708z"
          />
          <path
            d="M9 3a1 1 0 0 1 1-1h4a1 1 0 0 1 1 1v2.172a2 2 0 0 1-.586 1.414l-1.56 1.56a1.207 1.207 0 0 1-1.708 0l-1.56-1.56A2 2 0 0 1 9 5.172z"
          />
        </svg>
        <h1
          class="text-lg font-bold text-foreground"
        >
          Arcade
        </h1>
      </div>
      <button
        aria-expanded="false"
        aria-label="Open menu"
        class="flex h-11 w-11 items-center justify-center rounded-lg text-muted-foreground transition-colors hover:bg-secondary hover:text-foreground"
        type="button"
      >
        <svg
          aria-hidden="true"
          class="lucide lucide-menu h-5 w-5"
          fill="none"
          height="20"
          role="img"
          stroke="currentColor"
          stroke-linecap="round"
          stroke-linejoin="round"
          stroke-width="2"
          viewBox="0 0 24 24"
          width="20"
          xmlns="http://www.w3.org/2000/svg"
        >
          <path
            d="M4 5h16"
          />
          <path
            d="M4 12h16"
          />
          <path
            d="M4 19h16"
          />
        </svg>
      </button>
    </div>
    <div
      class="min-w-0 flex-1"
    >
      <div>
        child
      </div>
    </div>
  </div>
</DocumentFragment>
`;

exports[`feature flag snapshot matrix > only enable_reservations enabled 1`] = `
<DocumentFragment>
  <div
    class="bg-background flex min-h-screen md:flex"
  >
    <aside
      class="bg-card hidden w-60 shrink-0 flex-col border-r border-border p-3 md:flex"
    >
      <div
        class="mb-2 flex items-center gap-2 px-3 py-2"
      >
        <svg
          aria-hidden="true"
          class="lucide lucide-gamepad-directional h-8 w-8"
          fill="none"
          height="32"
          role="img"
          stroke="currentColor"
          stroke-linecap="round"
          stroke-linejoin="round"
          stroke-width="2"
          viewBox="0 0 24 24"
          width="32"
          xmlns="http://www.w3.org/2000/svg"
        >
          <path
            d="M11.146 15.854a1.207 1.207 0 0 1 1.708 0l1.56 1.56A2 2 0 0 1 15 18.828V21a1 1 0 0 1-1 1h-4a1 1 0 0 1-1-1v-2.172a2 2 0 0 1 .586-1.414z"
          />
          <path
            d="M18.828 15a2 2 0 0 1-1.414-.586l-1.56-1.56a1.207 1.207 0 0 1 0-1.708l1.56-1.56A2 2 0 0 1 18.828 9H21a1 1 0 0 1 1 1v4a1 1 0 0 1-1 1z"
          />
          <path
            d="M6.586 14.414A2 2 0 0 1 5.172 15H3a1 1 0 0 1-1-1v-4a1 1 0 0 1 1-1h2.172a2 2 0 0 1 1.414.586l1.56 1.56a1.207 1.207 0 0 1 0 1.708z"
          />
          <path
            d="M9 3a1 1 0 0 1 1-1h4a1 1 0 0 1 1 1v2.172a2 2 0 0 1-.586 1.414l-1.56 1.56a1.207 1.207 0 0 1-1.708 0l-1.56-1.56A2 2 0 0 1 9 5.172z"
          />
        </svg>
        <h1
          class="text-lg font-bold text-foreground"
        >
          Arcade
        </h1>
      </div>
      <nav
        aria-label="Primary"
        class="flex flex-col gap-1"
      >
        <a
          aria-current="page"
          class="flex items-center gap-3 rounded-lg px-3 py-3 text-sm font-medium transition-colors bg-primary text-primary-foreground shadow-sm"
          data-discover="true"
          href="/"
        >
          <svg
            aria-hidden="true"
            class="lucide lucide-layout-dashboard h-4 w-4"
            fill="none"
            height="16"
            role="img"
            stroke="currentColor"
            stroke-linecap="round"
            stroke-linejoin="round"
            stroke-width="2"
            viewBox="0 0 24 24"
            width="16"
            xmlns="http://www.w3.org/2000/svg"
          >
            <rect
              height="9"
              rx="1"
              width="7"
              x="3"
              y="3"
            />
            <rect
              height="5"
              rx="1"
              width="7"
              x="14"
              y="3"
            />
            <rect
              height="9"
              rx="1"
              width="7"
              x="14"
              y="12"
            />
            <rect
              height="5"
              rx="1"
              width="7"
              x="3"
              y="16"
            />
          </svg>
          Dashboard
        </a>
        <a
          class="flex items-center gap-3 rounded-lg px-3 py-3 text-sm font-medium transition-colors text-muted-foreground hover:bg-secondary hover:text-foreground"
          data-discover="true"
          href="/analytics"
        >
          <svg
            aria-hidden="true"
            class="lucide lucide-chart-column h-4 w-4"
            fill="none"
            height="16"
            role="img"
            stroke="currentColor"
            stroke-linecap="round"
            stroke-linejoin="round"
            stroke-width="2"
            viewBox="0 0 24 24"
            width="16"
            xmlns="http://www.w3.org/2000/svg"
          >
            <path
              d="M3 3v16a2 2 0 0 0 2 2h16"
            />
            <path
              d="M18 17V9"
            />
            <path
              d="M13 17V5"
            />
            <path
              d="M8 17v-3"
            />
          </svg>
          Analytics
        </a>
        <a
          class="flex items-center gap-3 rounded-lg px-3 py-3 text-sm font-medium transition-colors text-muted-foreground hover:bg-secondary hover:text-foreground"
          data-discover="true"
          href="/settings"
        >
          <svg
            aria-hidden="true"
            class="lucide lucide-settings h-4 w-4"
            fill="none"
            height="16"
            role="img"
            stroke="currentColor"
            stroke-linecap="round"
            stroke-linejoin="round"
            stroke-width="2"
            viewBox="0 0 24 24"
            width="16"
            xmlns="http://www.w3.org/2000/svg"
          >
            <path
              d="M9.671 4.136a2.34 2.34 0 0 1 4.659 0 2.34 2.34 0 0 0 3.319 1.915 2.34 2.34 0 0 1 2.33 4.033 2.34 2.34 0 0 0 0 3.831 2.34 2.34 0 0 1-2.33 4.033 2.34 2.34 0 0 0-3.319 1.915 2.34 2.34 0 0 1-4.659 0 2.34 2.34 0 0 0-3.32-1.915 2.34 2.34 0 0 1-2.33-4.033 2.34 2.34 0 0 0 0-3.831A2.34 2.34 0 0 1 6.35 6.051a2.34 2.34 0 0 0 3.319-1.915"
            />
            <circle
              cx="12"
              cy="12"
              r="3"
            />
          </svg>
          Settings
        </a>
      </nav>
    </aside>
    <div
      class="sticky top-0 z-30 flex items-center justify-between border-b border-border bg-card px-4 py-3 md:hidden"
    >
      <div
        class="flex items-center gap-2"
      >
        <svg
          aria-hidden="true"
          class="lucide lucide-gamepad-directional h-7 w-7"
          fill="none"
          height="28"
          role="img"
          stroke="currentColor"
          stroke-linecap="round"
          stroke-linejoin="round"
          stroke-width="2"
          viewBox="0 0 24 24"
          width="28"
          xmlns="http://www.w3.org/2000/svg"
        >
          <path
            d="M11.146 15.854a1.207 1.207 0 0 1 1.708 0l1.56 1.56A2 2 0 0 1 15 18.828V21a1 1 0 0 1-1 1h-4a1 1 0 0 1-1-1v-2.172a2 2 0 0 1 .586-1.414z"
          />
          <path
            d="M18.828 15a2 2 0 0 1-1.414-.586l-1.56-1.56a1.207 1.207 0 0 1 0-1.708l1.56-1.56A2 2 0 0 1 18.828 9H21a1 1 0 0 1 1 1v4a1 1 0 0 1-1 1z"
          />
          <path
            d="M6.586 14.414A2 2 0 0 1 5.172 15H3a1 1 0 0 1-1-1v-4a1 1 0 0 1 1-1h2.172a2 2 0 0 1 1.414.586l1.56 1.56a1.207 1.207 0 0 1 0 1.708z"
          />
          <path
            d="M9 3a1 1 0 0 1 1-1h4a1 1 0 0 1 1 1v2.172a2 2 0 0 1-.586 1.414l-1.56 1.56a1.207 1.207 0 0 1-1.708 0l-1.56-1.56A2 2 0 0 1 9 5.172z"
          />
        </svg>
        <h1
          class="text-lg font-bold text-foreground"
        >
          Arcade
        </h1>
      </div>
      <button
        aria-expanded="false"
        aria-label="Open menu"
        class="flex h-11 w-11 items-center justify-center rounded-lg text-muted-foreground transition-colors hover:bg-secondary hover:text-foreground"
        type="button"
      >
        <svg
          aria-hidden="true"
          class="lucide lucide-menu h-5 w-5"
          fill="none"
          height="20"
          role="img"
          stroke="currentColor"
          stroke-linecap="round"
          stroke-linejoin="round"
          stroke-width="2"
          viewBox="0 0 24 24"
          width="20"
          xmlns="http://www.w3.org/2000/svg"
        >
          <path
            d="M4 5h16"
          />
          <path
            d="M4 12h16"
          />
          <path
            d="M4 19h16"
          />
        </svg>
      </button>
    </div>
    <div
      class="min-w-0 flex-1"
    >
      <div>
        child
      </div>
    </div>
  </div>
</DocumentFragment>
`;

exports[`feature flag snapshot matrix > only enable_tournaments enabled 1`] = `
<DocumentFragment>
  <div
    class="bg-background flex min-h-screen md:flex"
  >
    <aside
      class="bg-card hidden w-60 shrink-0 flex-col border-r border-border p-3 md:flex"
    >
      <div
        class="mb-2 flex items-center gap-2 px-3 py-2"
      >
        <svg
          aria-hidden="true"
          class="lucide lucide-gamepad-directional h-8 w-8"
          fill="none"
          height="32"
          role="img"
          stroke="currentColor"
          stroke-linecap="round"
          stroke-linejoin="round"
          stroke-width="2"
          viewBox="0 0 24 24"
          width="32"
          xmlns="http://www.w3.org/2000/svg"
        >
          <path
            d="M11.146 15.854a1.207 1.207 0 0 1 1.708 0l1.56 1.56A2 2 0 0 1 15 18.828V21a1 1 0 0 1-1 1h-4a1 1 0 0 1-1-1v-2.172a2 2 0 0 1 .586-1.414z"
          />
          <path
            d="M18.828 15a2 2 0 0 1-1.414-.586l-1.56-1.56a1.207 1.207 0 0 1 0-1.708l1.56-1.56A2 2 0 0 1 18.828 9H21a1 1 0 0 1 1 1v4a1 1 0 0 1-1 1z"
          />
          <path
            d="M6.586 14.414A2 2 0 0 1 5.172 15H3a1 1 0 0 1-1-1v-4a1 1 0 0 1 1-1h2.172a2 2 0 0 1 1.414.586l1.56 1.56a1.207 1.207 0 0 1 0 1.708z"
          />
          <path
            d="M9 3a1 1 0 0 1 1-1h4a1 1 0 0 1 1 1v2.172a2 2 0 0 1-.586 1.414l-1.56 1.56a1.207 1.207 0 0 1-1.708 0l-1.56-1.56A2 2 0 0 1 9 5.172z"
          />
        </svg>
        <h1
          class="text-lg font-bold text-foreground"
        >
          Arcade
        </h1>
      </div>
      <nav
        aria-label="Primary"
        class="flex flex-col gap-1"
      >
        <a
          aria-current="page"
          class="flex items-center gap-3 rounded-lg px-3 py-3 text-sm font-medium transition-colors bg-primary text-primary-foreground shadow-sm"
          data-discover="true"
          href="/"
        >
          <svg
            aria-hidden="true"
            class="lucide lucide-layout-dashboard h-4 w-4"
            fill="none"
            height="16"
            role="img"
            stroke="currentColor"
            stroke-linecap="round"
            stroke-linejoin="round"
            stroke-width="2"
            viewBox="0 0 24 24"
            width="16"
            xmlns="http://www.w3.org/2000/svg"
          >
            <rect
              height="9"
              rx="1"
              width="7"
              x="3"
              y="3"
            />
            <rect
              height="5"
              rx="1"
              width="7"
              x="14"
              y="3"
            />
            <rect
              height="9"
              rx="1"
              width="7"
              x="14"
              y="12"
            />
            <rect
              height="5"
              rx="1"
              width="7"
              x="3"
              y="16"
            />
          </svg>
          Dashboard
        </a>
        <a
          class="flex items-center gap-3 rounded-lg px-3 py-3 text-sm font-medium transition-colors text-muted-foreground hover:bg-secondary hover:text-foreground"
          data-discover="true"
          href="/analytics"
        >
          <svg
            aria-hidden="true"
            class="lucide lucide-chart-column h-4 w-4"
            fill="none"
            height="16"
            role="img"
            stroke="currentColor"
            stroke-linecap="round"
            stroke-linejoin="round"
            stroke-width="2"
            viewBox="0 0 24 24"
            width="16"
            xmlns="http://www.w3.org/2000/svg"
          >
            <path
              d="M3 3v16a2 2 0 0 0 2 2h16"
            />
            <path
              d="M18 17V9"
            />
            <path
              d="M13 17V5"
            />
            <path
              d="M8 17v-3"
            />
          </svg>
          Analytics
        </a>
        <a
          class="flex items-center gap-3 rounded-lg px-3 py-3 text-sm font-medium transition-colors text-muted-foreground hover:bg-secondary hover:text-foreground"
          data-discover="true"
          href="/events"
        >
          <svg
            aria-hidden="true"
            class="lucide lucide-calendar-days h-4 w-4"
            fill="none"
            height="16"
            role="img"
            stroke="currentColor"
            stroke-linecap="round"
            stroke-linejoin="round"
            stroke-width="2"
            viewBox="0 0 24 24"
            width="16"
            xmlns="http://www.w3.org/2000/svg"
          >
            <path
              d="M8 2v4"
            />
            <path
              d="M16 2v4"
            />
            <rect
              height="18"
              rx="2"
              width="18"
              x="3"
              y="4"
            />
            <path
              d="M3 10h18"
            />
            <path
              d="M8 14h.01"
            />
            <path
              d="M12 14h.01"
            />
            <path
              d="M16 14h.01"
            />
            <path
              d="M8 18h.01"
            />
            <path
              d="M12 18h.01"
            />
            <path
              d="M16 18h.01"
            />
          </svg>
          Events
        </a>
        <a
          class="flex items-center gap-3 rounded-lg px-3 py-3 text-sm font-medium transition-colors text-muted-foreground hover:bg-secondary hover:text-foreground"
          data-discover="true"
          href="/settings"
        >
          <svg
            aria-hidden="true"
            class="lucide lucide-settings h-4 w-4"
            fill="none"
            height="16"
            role="img"
            stroke="currentColor"
            stroke-linecap="round"
            stroke-linejoin="round"
            stroke-width="2"
            viewBox="0 0 24 24"
            width="16"
            xmlns="http://www.w3.org/2000/svg"
          >
            <path
              d="M9.671 4.136a2.34 2.34 0 0 1 4.659 0 2.34 2.34 0 0 0 3.319 1.915 2.34 2.34 0 0 1 2.33 4.033 2.34 2.34 0 0 0 0 3.831 2.34 2.34 0 0 1-2.33 4.033 2.34 2.34 0 0 0-3.319 1.915 2.34 2.34 0 0 1-4.659 0 2.34 2.34 0 0 0-3.32-1.915 2.34 2.34 0 0 1-2.33-4.033 2.34 2.34 0 0 0 0-3.831A2.34 2.34 0 0 1 6.35 6.051a2.34 2.34 0 0 0 3.319-1.915"
            />
            <circle
              cx="12"
              cy="12"
              r="3"
            />
          </svg>
          Settings
        </a>
      </nav>
    </aside>
    <div
      class="sticky top-0 z-30 flex items-center justify-between border-b border-border bg-card px-4 py-3 md:hidden"
    >
      <div
        class="flex items-center gap-2"
      >
        <svg
          aria-hidden="true"
          class="lucide lucide-gamepad-directional h-7 w-7"
          fill="none"
          height="28"
          role="img"
          stroke="currentColor"
          stroke-linecap="round"
          stroke-linejoin="round"
          stroke-width="2"
          viewBox="0 0 24 24"
          width="28"
          xmlns="http://www.w3.org/2000/svg"
        >
          <path
            d="M11.146 15.854a1.207 1.207 0 0 1 1.708 0l1.56 1.56A2 2 0 0 1 15 18.828V21a1 1 0 0 1-1 1h-4a1 1 0 0 1-1-1v-2.172a2 2 0 0 1 .586-1.414z"
          />
          <path
            d="M18.828 15a2 2 0 0 1-1.414-.586l-1.56-1.56a1.207 1.207 0 0 1 0-1.708l1.56-1.56A2 2 0 0 1 18.828 9H21a1 1 0 0 1 1 1v4a1 1 0 0 1-1 1z"
          />
          <path
            d="M6.586 14.414A2 2 0 0 1 5.172 15H3a1 1 0 0 1-1-1v-4a1 1 0 0 1 1-1h2.172a2 2 0 0 1 1.414.586l1.56 1.56a1.207 1.207 0 0 1 0 1.708z"
          />
          <path
            d="M9 3a1 1 0 0 1 1-1h4a1 1 0 0 1 1 1v2.172a2 2 0 0 1-.586 1.414l-1.56 1.56a1.207 1.207 0 0 1-1.708 0l-1.56-1.56A2 2 0 0 1 9 5.172z"
          />
        </svg>
        <h1
          class="text-lg font-bold text-foreground"
        >
          Arcade
        </h1>
      </div>
      <button
        aria-expanded="false"
        aria-label="Open menu"
        class="flex h-11 w-11 items-center justify-center rounded-lg text-muted-foreground transition-colors hover:bg-secondary hover:text-foreground"
        type="button"
      >
        <svg
          aria-hidden="true"
          class="lucide lucide-menu h-5 w-5"
          fill="none"
          height="20"
          role="img"
          stroke="currentColor"
          stroke-linecap="round"
          stroke-linejoin="round"
          stroke-width="2"
          viewBox="0 0 24 24"
          width="20"
          xmlns="http://www.w3.org/2000/svg"
        >
          <path
            d="M4 5h16"
          />
          <path
            d="M4 12h16"
          />
          <path
            d="M4 19h16"
          />
        </svg>
      </button>
    </div>
    <div
      class="min-w-0 flex-1"
    >
      <div>
        child
      </div>
    </div>
  </div>
</DocumentFragment>
`;

exports[`feature flag snapshot matrix > only enable_vouchers enabled 1`] = `
<DocumentFragment>
  <div
    class="bg-background flex min-h-screen md:flex"
  >
    <aside
      class="bg-card hidden w-60 shrink-0 flex-col border-r border-border p-3 md:flex"
    >
      <div
        class="mb-2 flex items-center gap-2 px-3 py-2"
      >
        <svg
          aria-hidden="true"
          class="lucide lucide-gamepad-directional h-8 w-8"
          fill="none"
          height="32"
          role="img"
          stroke="currentColor"
          stroke-linecap="round"
          stroke-linejoin="round"
          stroke-width="2"
          viewBox="0 0 24 24"
          width="32"
          xmlns="http://www.w3.org/2000/svg"
        >
          <path
            d="M11.146 15.854a1.207 1.207 0 0 1 1.708 0l1.56 1.56A2 2 0 0 1 15 18.828V21a1 1 0 0 1-1 1h-4a1 1 0 0 1-1-1v-2.172a2 2 0 0 1 .586-1.414z"
          />
          <path
            d="M18.828 15a2 2 0 0 1-1.414-.586l-1.56-1.56a1.207 1.207 0 0 1 0-1.708l1.56-1.56A2 2 0 0 1 18.828 9H21a1 1 0 0 1 1 1v4a1 1 0 0 1-1 1z"
          />
          <path
            d="M6.586 14.414A2 2 0 0 1 5.172 15H3a1 1 0 0 1-1-1v-4a1 1 0 0 1 1-1h2.172a2 2 0 0 1 1.414.586l1.56 1.56a1.207 1.207 0 0 1 0 1.708z"
          />
          <path
            d="M9 3a1 1 0 0 1 1-1h4a1 1 0 0 1 1 1v2.172a2 2 0 0 1-.586 1.414l-1.56 1.56a1.207 1.207 0 0 1-1.708 0l-1.56-1.56A2 2 0 0 1 9 5.172z"
          />
        </svg>
        <h1
          class="text-lg font-bold text-foreground"
        >
          Arcade
        </h1>
      </div>
      <nav
        aria-label="Primary"
        class="flex flex-col gap-1"
      >
        <a
          aria-current="page"
          class="flex items-center gap-3 rounded-lg px-3 py-3 text-sm font-medium transition-colors bg-primary text-primary-foreground shadow-sm"
          data-discover="true"
          href="/"
        >
          <svg
            aria-hidden="true"
            class="lucide lucide-layout-dashboard h-4 w-4"
            fill="none"
            height="16"
            role="img"
            stroke="currentColor"
            stroke-linecap="round"
            stroke-linejoin="round"
            stroke-width="2"
            viewBox="0 0 24 24"
            width="16"
            xmlns="http://www.w3.org/2000/svg"
          >
            <rect
              height="9"
              rx="1"
              width="7"
              x="3"
              y="3"
            />
            <rect
              height="5"
              rx="1"
              width="7"
              x="14"
              y="3"
            />
            <rect
              height="9"
              rx="1"
              width="7"
              x="14"
              y="12"
            />
            <rect
              height="5"
              rx="1"
              width="7"
              x="3"
              y="16"
            />
          </svg>
          Dashboard
        </a>
        <a
          class="flex items-center gap-3 rounded-lg px-3 py-3 text-sm font-medium transition-colors text-muted-foreground hover:bg-secondary hover:text-foreground"
          data-discover="true"
          href="/analytics"
        >
          <svg
            aria-hidden="true"
            class="lucide lucide-chart-column h-4 w-4"
            fill="none"
            height="16"
            role="img"
            stroke="currentColor"
            stroke-linecap="round"
            stroke-linejoin="round"
            stroke-width="2"
            viewBox="0 0 24 24"
            width="16"
            xmlns="http://www.w3.org/2000/svg"
          >
            <path
              d="M3 3v16a2 2 0 0 0 2 2h16"
            />
            <path
              d="M18 17V9"
            />
            <path
              d="M13 17V5"
            />
            <path
              d="M8 17v-3"
            />
          </svg>
          Analytics
        </a>
        <a
          class="flex items-center gap-3 rounded-lg px-3 py-3 text-sm font-medium transition-colors text-muted-foreground hover:bg-secondary hover:text-foreground"
          data-discover="true"
          href="/settings"
        >
          <svg
            aria-hidden="true"
            class="lucide lucide-settings h-4 w-4"
            fill="none"
            height="16"
            role="img"
            stroke="currentColor"
            stroke-linecap="round"
            stroke-linejoin="round"
            stroke-width="2"
            viewBox="0 0 24 24"
            width="16"
            xmlns="http://www.w3.org/2000/svg"
          >
            <path
              d="M9.671 4.136a2.34 2.34 0 0 1 4.659 0 2.34 2.34 0 0 0 3.319 1.915 2.34 2.34 0 0 1 2.33 4.033 2.34 2.34 0 0 0 0 3.831 2.34 2.34 0 0 1-2.33 4.033 2.34 2.34 0 0 0-3.319 1.915 2.34 2.34 0 0 1-4.659 0 2.34 2.34 0 0 0-3.32-1.915 2.34 2.34 0 0 1-2.33-4.033 2.34 2.34 0 0 0 0-3.831A2.34 2.34 0 0 1 6.35 6.051a2.34 2.34 0 0 0 3.319-1.915"
            />
            <circle
              cx="12"
              cy="12"
              r="3"
            />
          </svg>
          Settings
        </a>
      </nav>
    </aside>
    <div
      class="sticky top-0 z-30 flex items-center justify-between border-b border-border bg-card px-4 py-3 md:hidden"
    >
      <div
        class="flex items-center gap-2"
      >
        <svg
          aria-hidden="true"
          class="lucide lucide-gamepad-directional h-7 w-7"
          fill="none"
          height="28"
          role="img"
          stroke="currentColor"
          stroke-linecap="round"
          stroke-linejoin="round"
          stroke-width="2"
          viewBox="0 0 24 24"
          width="28"
          xmlns="http://www.w3.org/2000/svg"
        >
          <path
            d="M11.146 15.854a1.207 1.207 0 0 1 1.708 0l1.56 1.56A2 2 0 0 1 15 18.828V21a1 1 0 0 1-1 1h-4a1 1 0 0 1-1-1v-2.172a2 2 0 0 1 .586-1.414z"
          />
          <path
            d="M18.828 15a2 2 0 0 1-1.414-.586l-1.56-1.56a1.207 1.207 0 0 1 0-1.708l1.56-1.56A2 2 0 0 1 18.828 9H21a1 1 0 0 1 1 1v4a1 1 0 0 1-1 1z"
          />
          <path
            d="M6.586 14.414A2 2 0 0 1 5.172 15H3a1 1 0 0 1-1-1v-4a1 1 0 0 1 1-1h2.172a2 2 0 0 1 1.414.586l1.56 1.56a1.207 1.207 0 0 1 0 1.708z"
          />
          <path
            d="M9 3a1 1 0 0 1 1-1h4a1 1 0 0 1 1 1v2.172a2 2 0 0 1-.586 1.414l-1.56 1.56a1.207 1.207 0 0 1-1.708 0l-1.56-1.56A2 2 0 0 1 9 5.172z"
          />
        </svg>
        <h1
          class="text-lg font-bold text-foreground"
        >
          Arcade
        </h1>
      </div>
      <button
        aria-expanded="false"
        aria-label="Open menu"
        class="flex h-11 w-11 items-center justify-center rounded-lg text-muted-foreground transition-colors hover:bg-secondary hover:text-foreground"
        type="button"
      >
        <svg
          aria-hidden="true"
          class="lucide lucide-menu h-5 w-5"
          fill="none"
          height="20"
          role="img"
          stroke="currentColor"
          stroke-linecap="round"
          stroke-linejoin="round"
          stroke-width="2"
          viewBox="0 0 24 24"
          width="20"
          xmlns="http://www.w3.org/2000/svg"
        >
          <path
            d="M4 5h16"
          />
          <path
            d="M4 12h16"
          />
          <path
            d="M4 19h16"
          />
        </svg>
      </button>
    </div>
    <div
      class="min-w-0 flex-1"
    >
      <div>
        child
      </div>
    </div>
  </div>
</DocumentFragment>
`;

exports[`feature flag snapshot matrix > only require_member_for_session enabled 1`] = `
<DocumentFragment>
  <div
    class="bg-background flex min-h-screen md:flex"
  >
    <aside
      class="bg-card hidden w-60 shrink-0 flex-col border-r border-border p-3 md:flex"
    >
      <div
        class="mb-2 flex items-center gap-2 px-3 py-2"
      >
        <svg
          aria-hidden="true"
          class="lucide lucide-gamepad-directional h-8 w-8"
          fill="none"
          height="32"
          role="img"
          stroke="currentColor"
          stroke-linecap="round"
          stroke-linejoin="round"
          stroke-width="2"
          viewBox="0 0 24 24"
          width="32"
          xmlns="http://www.w3.org/2000/svg"
        >
          <path
            d="M11.146 15.854a1.207 1.207 0 0 1 1.708 0l1.56 1.56A2 2 0 0 1 15 18.828V21a1 1 0 0 1-1 1h-4a1 1 0 0 1-1-1v-2.172a2 2 0 0 1 .586-1.414z"
          />
          <path
            d="M18.828 15a2 2 0 0 1-1.414-.586l-1.56-1.56a1.207 1.207 0 0 1 0-1.708l1.56-1.56A2 2 0 0 1 18.828 9H21a1 1 0 0 1 1 1v4a1 1 0 0 1-1 1z"
          />
          <path
            d="M6.586 14.414A2 2 0 0 1 5.172 15H3a1 1 0 0 1-1-1v-4a1 1 0 0 1 1-1h2.172a2 2 0 0 1 1.414.586l1.56 1.56a1.207 1.207 0 0 1 0 1.708z"
          />
          <path
            d="M9 3a1 1 0 0 1 1-1h4a1 1 0 0 1 1 1v2.172a2 2 0 0 1-.586 1.414l-1.56 1.56a1.207 1.207 0 0 1-1.708 0l-1.56-1.56A2 2 0 0 1 9 5.172z"
          />
        </svg>
        <h1
          class="text-lg font-bold text-foreground"
        >
          Arcade
        </h1>
      </div>
      <nav
        aria-label="Primary"
        class="flex flex-col gap-1"
      >
        <a
          aria-current="page"
          class="flex items-center gap-3 rounded-lg px-3 py-3 text-sm font-medium transition-colors bg-primary text-primary-foreground shadow-sm"
          data-discover="true"
          href="/"
        >
          <svg
            aria-hidden="true"
            class="lucide lucide-layout-dashboard h-4 w-4"
            fill="none"
            height="16"
            role="img"
            stroke="currentColor"
            stroke-linecap="round"
            stroke-linejoin="round"
            stroke-width="2"
            viewBox="0 0 24 24"
            width="16"
            xmlns="http://www.w3.org/2000/svg"
          >
            <rect
              height="9"
              rx="1"
              width="7"
              x="3"
              y="3"
            />
            <rect
              height="5"
              rx="1"
              width="7"
              x="14"
              y="3"
            />
            <rect
              height="9"
              rx="1"
              width="7"
              x="14"
              y="12"
            />
            <rect
              height="5"
              rx="1"
              width="7"
              x="3"
              y="16"
            />
          </svg>
          Dashboard
        </a>
        <a
          class="flex items-center gap-3 rounded-lg px-3 py-3 text-sm font-medium transition-colors text-muted-foreground hover:bg-secondary hover:text-foreground"
          data-discover="true"
          href="/analytics"
        >
          <svg
            aria-hidden="true"
            class="lucide lucide-chart-column h-4 w-4"
            fill="none"
            height="16"
            role="img"
            stroke="currentColor"
            stroke-linecap="round"
            stroke-linejoin="round"
            stroke-width="2"
            viewBox="0 0 24 24"
            width="16"
            xmlns="http://www.w3.org/2000/svg"
          >
            <path
              d="M3 3v16a2 2 0 0 0 2 2h16"
            />
            <path
              d="M18 17V9"
            />
            <path
              d="M13 17V5"
            />
            <path
              d="M8 17v-3"
            />
          </svg>
          Analytics
        </a>
        <a
          class="flex items-center gap-3 rounded-lg px-3 py-3 text-sm font-medium transition-colors text-muted-foreground hover:bg-secondary hover:text-foreground"
          data-discover="true"
          href="/settings"
        >
          <svg
            aria-hidden="true"
            class="lucide lucide-settings h-4 w-4"
            fill="none"
            height="16"
            role="img"
            stroke="currentColor"
            stroke-linecap="round"
            stroke-linejoin="round"
            stroke-width="2"
            viewBox="0 0 24 24"
            width="16"
            xmlns="http://www.w3.org/2000/svg"
          >
            <path
              d="M9.671 4.136a2.34 2.34 0 0 1 4.659 0 2.34 2.34 0 0 0 3.319 1.915 2.34 2.34 0 0 1 2.33 4.033 2.34 2.34 0 0 0 0 3.831 2.34 2.34 0 0 1-2.33 4.033 2.34 2.34 0 0 0-3.319 1.915 2.34 2.34 0 0 1-4.659 0 2.34 2.34 0 0 0-3.32-1.915 2.34 2.34 0 0 1-2.33-4.033 2.34 2.34 0 0 0 0-3.831A2.34 2.34 0 0 1 6.35 6.051a2.34 2.34 0 0 0 3.319-1.915"
            />
            <circle
              cx="12"
              cy="12"
              r="3"
            />
          </svg>
          Settings
        </a>
      </nav>
    </aside>
    <div
      class="sticky top-0 z-30 flex items-center justify-between border-b border-border bg-card px-4 py-3 md:hidden"
    >
      <div
        class="flex items-center gap-2"
      >
        <svg
          aria-hidden="true"
          class="lucide lucide-gamepad-directional h-7 w-7"
          fill="none"
          height="28"
          role="img"
          stroke="currentColor"
          stroke-linecap="round"
          stroke-linejoin="round"
          stroke-width="2"
          viewBox="0 0 24 24"
          width="28"
          xmlns="http://www.w3.org/2000/svg"
        >
          <path
            d="M11.146 15.854a1.207 1.207 0 0 1 1.708 0l1.56 1.56A2 2 0 0 1 15 18.828V21a1 1 0 0 1-1 1h-4a1 1 0 0 1-1-1v-2.172a2 2 0 0 1 .586-1.414z"
          />
          <path
            d="M18.828 15a2 2 0 0 1-1.414-.586l-1.56-1.56a1.207 1.207 0 0 1 0-1.708l1.56-1.56A2 2 0 0 1 18.828 9H21a1 1 0 0 1 1 1v4a1 1 0 0 1-1 1z"
          />
          <path
            d="M6.586 14.414A2 2 0 0 1 5.172 15H3a1 1 0 0 1-1-1v-4a1 1 0 0 1 1-1h2.172a2 2 0 0 1 1.414.586l1.56 1.56a1.207 1.207 0 0 1 0 1.708z"
          />
          <path
            d="M9 3a1 1 0 0 1 1-1h4a1 1 0 0 1 1 1v2.172a2 2 0 0 1-.586 1.414l-1.56 1.56a1.207 1.207 0 0 1-1.708 0l-1.56-1.56A2 2 0 0 1 9 5.172z"
          />
        </svg>
        <h1
          class="text-lg font-bold text-foreground"
        >
          Arcade
        </h1>
      </div>
      <button
        aria-expanded="false"
        aria-label="Open menu"
        class="flex h-11 w-11 items-center justify-center rounded-lg text-muted-foreground transition-colors hover:bg-secondary hover:text-foreground"
        type="button"
      >
        <svg
          aria-hidden="true"
          class="lucide lucide-menu h-5 w-5"
          fill="none"
          height="20"
          role="img"
          stroke="currentColor"
          stroke-linecap="round"
          stroke-linejoin="round"
          stroke-width="2"
          viewBox="0 0 24 24"
          width="20"
          xmlns="http://www.w3.org/2000/svg"
        >
          <path
            d="M4 5h16"
          />
          <path
            d="M4 12h16"
          />
          <path
            d="M4 19h16"
          />
        </svg>
      </button>
    </div>
    <div
      class="min-w-0 flex-1"
    >
      <div>
        child
      </div>
    </div>
  </div>
</DocumentFragment>
`;
